Compiling 75584 parameters...
{'step': 1, 'loss': 3.2164368629455566, 'grad_norm': 3.121887683868408}
{'step': 10, 'loss': 2.7367191314697266, 'grad_norm': 1.8319613933563232}
{'step': 20, 'loss': 2.4315788745880127, 'grad_norm': 2.281102418899536}
{'step': 30, 'loss': 2.14650297164917, 'grad_norm': 2.3696324825286865}
{'step': 40, 'loss': 2.0788581371307373, 'grad_norm': 1.91096830368042}
{'step': 50, 'loss': 2.120584726333618, 'grad_norm': 3.5681750774383545}
{'step': 60, 'loss': 1.8195157051086426, 'grad_norm': 1.7443821430206299}
{'step': 70, 'loss': 1.7338656187057495, 'grad_norm': 2.347046375274658}
{'step': 80, 'loss': 1.6764678955078125, 'grad_norm': 2.8501110076904297}
{'step': 90, 'loss': 1.894421100616455, 'grad_norm': 3.1625075340270996}
{'step': 100, 'loss': 1.7401301860809326, 'grad_norm': 2.4447667598724365}
{'step': 110, 'loss': 1.3299428224563599, 'grad_norm': 2.3834478855133057}
{'step': 120, 'loss': 1.626822829246521, 'grad_norm': 3.251081943511963}
{'step': 130, 'loss': 1.3662904500961304, 'grad_norm': 3.55521297454834}
{'step': 140, 'loss': 1.1026756763458252, 'grad_norm': 3.6430001258850098}
{'step': 150, 'loss': 1.3074556589126587, 'grad_norm': 2.6396539211273193}
{'step': 160, 'loss': 1.3948806524276733, 'grad_norm': 3.0871541500091553}
{'step': 170, 'loss': 1.2201416492462158, 'grad_norm': 3.2422986030578613}
{'step': 180, 'loss': 0.7419731020927429, 'grad_norm': 2.715139150619507}
{'step': 190, 'loss': 1.2844234704971313, 'grad_norm': 3.8730170726776123}
{'step': 200, 'loss': 1.323941946029663, 'grad_norm': 3.930448293685913}
{'step': 210, 'loss': 1.0022138357162476, 'grad_norm': 4.26893949508667}
{'step': 220, 'loss': 1.126967191696167, 'grad_norm': 5.068892478942871}
{'step': 230, 'loss': 0.9306737780570984, 'grad_norm': 7.164753437042236}
{'step': 240, 'loss': 0.6337789297103882, 'grad_norm': 2.2776055335998535}
{'step': 250, 'loss': 0.8919145464897156, 'grad_norm': 2.2867305278778076}
{'step': 260, 'loss': 0.8505095839500427, 'grad_norm': 4.046520709991455}
{'step': 270, 'loss': 0.5869967341423035, 'grad_norm': 2.58406925201416}
{'step': 280, 'loss': 1.2479628324508667, 'grad_norm': 6.4559102058410645}
{'step': 290, 'loss': 0.7367408871650696, 'grad_norm': 2.4942896366119385}
{'step': 300, 'loss': 0.5599164366722107, 'grad_norm': 2.8178212642669678}
{'step': 310, 'loss': 1.5010744333267212, 'grad_norm': 7.883358955383301}
{'step': 320, 'loss': 0.34095117449760437, 'grad_norm': 1.7320581674575806}
{'step': 330, 'loss': 1.331978440284729, 'grad_norm': 3.9409470558166504}
{'step': 340, 'loss': 0.49761074781417847, 'grad_norm': 1.7372382879257202}
{'step': 350, 'loss': 0.5586990118026733, 'grad_norm': 5.983005523681641}
{'step': 360, 'loss': 1.175765872001648, 'grad_norm': 5.622562885284424}
{'step': 370, 'loss': 0.43439531326293945, 'grad_norm': 2.4524054527282715}
{'step': 380, 'loss': 0.5874675512313843, 'grad_norm': 3.201291561126709}
{'step': 390, 'loss': 0.45279592275619507, 'grad_norm': 2.5859768390655518}
{'step': 400, 'loss': 0.39305049180984497, 'grad_norm': 2.3089053630828857}
{'step': 410, 'loss': 0.4511909484863281, 'grad_norm': 4.4396071434021}
{'step': 420, 'loss': 0.5459643602371216, 'grad_norm': 3.58760929107666}
{'step': 430, 'loss': 0.7484240531921387, 'grad_norm': 6.059869766235352}
{'step': 440, 'loss': 0.3052177131175995, 'grad_norm': 1.6865365505218506}
{'step': 450, 'loss': 0.3152419924736023, 'grad_norm': 5.342888832092285}
{'step': 460, 'loss': 0.36653077602386475, 'grad_norm': 3.0330729484558105}
{'step': 470, 'loss': 0.42770302295684814, 'grad_norm': 4.837388515472412}
{'step': 480, 'loss': 0.3491113483905792, 'grad_norm': 1.7061920166015625}
{'step': 490, 'loss': 0.34532979130744934, 'grad_norm': 1.9798429012298584}
{'step': 500, 'loss': 0.37793922424316406, 'grad_norm': 3.300625801086426}
{'step': 510, 'loss': 0.8161683678627014, 'grad_norm': 3.5004172325134277}
{'step': 520, 'loss': 0.41761064529418945, 'grad_norm': 4.628586292266846}
{'step': 530, 'loss': 0.24350279569625854, 'grad_norm': 1.546533465385437}
{'step': 540, 'loss': 0.20555169880390167, 'grad_norm': 1.0803552865982056}
{'step': 550, 'loss': 0.31696817278862, 'grad_norm': 3.249157667160034}
{'step': 560, 'loss': 0.3047648072242737, 'grad_norm': 1.231778621673584}
{'step': 570, 'loss': 0.5729706883430481, 'grad_norm': 3.8475468158721924}
{'step': 580, 'loss': 0.30143603682518005, 'grad_norm': 4.248645782470703}
{'step': 590, 'loss': 0.2937604486942291, 'grad_norm': 1.0826035737991333}
{'step': 600, 'loss': 0.2746565341949463, 'grad_norm': 1.9193432331085205}
Validation 0.33215783908963203 seconds 18.744192036014283
el sol rga yla rila laa la l miria lardiorgana dajreniza el trabajo.
el sol sala y la l
